C51 COMPILER V6.02  MAZE                                                                   05/10/2016 18:58:32 PAGE 1   


C51 COMPILER V6.02, COMPILATION OF MODULE MAZE
OBJECT MODULE PLACED IN .\Maze.OBJ
COMPILER INVOKED BY: C:\Keil\C51\BIN\C51.EXE .\Maze.c DEBUG OBJECTEXTEND

stmt level    source

   1          #include<reg932.h>
   2          #include<stdlib.h>
   3          #include"uart.h"
   4          #include "maps.h"
   5          
   6          
   7          void playMenu()
   8          {
   9   1      	char* title = "Simon's A-MAZE-ing Adventures!";
  10   1      	char* star_bar = "*********************************";
  11   1      	char* menu1 = "Please select difficulty level: \n";
  12   1      	char* menu2 = "1) Easy          2) Medium          3) Hard          4)DEBUG \n";
  13   1      
  14   1      	unsigned char titlesize = sizeof(title) / sizeof(title[0]);
  15   1      	unsigned char starsize = sizeof(star_bar) / sizeof(title[0]);
  16   1      	unsigned char menu1size = sizeof(menu1) / sizeof(title[0]);
  17   1      	unsigned char menu2size = sizeof(menu2) / sizeof(title[0]);
  18   1      
  19   1      	unsigned char i;
  20   1      	for (i = 0; i < starsize; i++)
  21   1      	{
  22   2      		uart_transmit(star_bar[i]);
  23   2      	}
  24   1      	uart_transmit('\n');
  25   1      	for (i = 0; i < titlesize; i++)
  26   1      	{
  27   2      		uart_transmit(title[i]);
  28   2      	}
  29   1      	uart_transmit('\n');
  30   1      	for (i = 0; i < starsize; i++)
  31   1      	{
  32   2      		uart_transmit(star_bar[i]);
  33   2      	}
  34   1      	uart_transmit('\n');
  35   1      	uart_transmit('\n');
  36   1      	for (i = 0; i < menu1size; i++)
  37   1      	{
  38   2      		uart_transmit(menu1[i]);
  39   2      	}
  40   1      	uart_transmit('\n');
  41   1      	for (i = 0; i < menu2size; i++)
  42   1      	{
  43   2      		uart_transmit(menu2[i]);
  44   2      	}
  45   1      	uart_transmit('\n');
  46   1      
  47   1      	while (1)
  48   1      	{
  49   2      		if (P2.0 == 0) //Exit Button
*** ERROR C141 IN LINE 49 OF .\MAZE.C: syntax error near '.0'
*** ERROR C141 IN LINE 49 OF .\MAZE.C: syntax error near ')'
  50   2      			GameStart(map1[7][7], M1startX, M1startY);
*** WARNING C206 IN LINE 50 OF .\MAZE.C: 'GameStart': missing function-prototype
*** ERROR C267 IN LINE 50 OF .\MAZE.C: 'GameStart': requires ANSI-style prototype
  51   2      		//victory
C51 COMPILER V6.02  MAZE                                                                   05/10/2016 18:58:32 PAGE 2   

  52   2      		else if (P2.1 == 0)
*** ERROR C141 IN LINE 52 OF .\MAZE.C: syntax error near 'else'
*** ERROR C141 IN LINE 52 OF .\MAZE.C: syntax error near '.1'
*** ERROR C141 IN LINE 52 OF .\MAZE.C: syntax error near ')'
  53   2      			GameStart(map2[7][7], M2startX, M2startY);
  54   2      		//victory
  55   2      		else if (P2.2 == 0)
*** ERROR C141 IN LINE 55 OF .\MAZE.C: syntax error near 'else'
*** ERROR C141 IN LINE 55 OF .\MAZE.C: syntax error near '.2'
*** ERROR C141 IN LINE 55 OF .\MAZE.C: syntax error near ')'
  56   2      			GameStart(map3[12][12], M3startX, M3startY);
  57   2      		//victory
  58   2      	}
  59   1      
  60   1      	return;
  61   1      }
  62          
  63          void cheatMap(char** map_array, unsigned char arr_x, unsigned char arr_y) //rename map_array to group code
             - name for the map array
  64          {
  65   1      	unsigned char i;
  66   1      	unsigned char j;
  67   1      	for (i = 0; i < arr_x; i++)
  68   1      	{
  69   2      
  70   2      		for (j = 0; j < arr_y; j++)
  71   2      		{
  72   3      			uart_transmit(map_array[i][j]);
  73   3      		}
  74   2      		uart_transmit('\n'); //I think this will work?
  75   2      	}
  76   1      	uart_transmit(arr_x);
  77   1      	uart_transmit('\n');
  78   1      	uart_transmit(arr_y);
  79   1      	return;
  80   1      }
  81          
  82          //Button Actions
  83          //Up button
  84          void Up(Play_x,Play_y,Map[][]) {
*** ERROR C141 IN LINE 84 OF .\MAZE.C: syntax error near '[', expected ')'
  85   1      	if (Map[Play_x][Play_y-1]!= W) 
*** ERROR C202 IN LINE 85 OF .\MAZE.C: 'W': undefined identifier
  86   1      		Play_y -= 1;
  87   1      	Redraw_Map();
*** WARNING C206 IN LINE 87 OF .\MAZE.C: 'Redraw_Map': missing function-prototype
  88   1      	return;
  89   1      }
  90          
  91          //Down
  92          void Down(Play_x,Play_y,Map[][]) {
*** ERROR C141 IN LINE 92 OF .\MAZE.C: syntax error near '[', expected ')'
  93   1      	if (Map[Play_x][Play_y+1]!= W) 
*** ERROR C202 IN LINE 93 OF .\MAZE.C: 'W': undefined identifier
  94   1      		Play_y += 1
  95   1      	Redraw_Map();
*** ERROR C141 IN LINE 95 OF .\MAZE.C: syntax error near 'Redraw_Map'
  96   1      	return;
  97   1      }
  98          
  99          //Right 
 100          void Right(Play_x,Play_y,Map[][]) {
C51 COMPILER V6.02  MAZE                                                                   05/10/2016 18:58:32 PAGE 3   

*** ERROR C141 IN LINE 100 OF .\MAZE.C: syntax error near '[', expected ')'
 101   1      	if (Map[Play_x+1][Play_y]!= W) 
*** ERROR C202 IN LINE 101 OF .\MAZE.C: 'W': undefined identifier
 102   1      		Play_x += 1
 103   1      	Redraw_Map();
*** ERROR C141 IN LINE 103 OF .\MAZE.C: syntax error near 'Redraw_Map'
 104   1      	return;
 105   1      }
 106          
 107          //Left 
 108          void Left(Play_x,Play_y,Map[][]) {
*** ERROR C141 IN LINE 108 OF .\MAZE.C: syntax error near '[', expected ')'
 109   1      	if (Map[Play_x-1][Play_y]!= W) 
*** ERROR C202 IN LINE 109 OF .\MAZE.C: 'W': undefined identifier
 110   1      		Play_x -= 1
 111   1      	Redraw_Map();
*** ERROR C141 IN LINE 111 OF .\MAZE.C: syntax error near 'Redraw_Map'
 112   1      	return;
 113   1      }
 114          //Check if Player is at goal
 115          
 116          void GameStart(Map[][], Start_x, Start_Y) {
*** ERROR C141 IN LINE 116 OF .\MAZE.C: syntax error near '[', expected ')'
*** ERROR C231 IN LINE 116 OF .\MAZE.C: 'GameStart': redefinition
 117   1      	bool GameOver = false; //reset every new game
*** ERROR C202 IN LINE 117 OF .\MAZE.C: 'bool': undefined identifier
*** ERROR C141 IN LINE 117 OF .\MAZE.C: syntax error near 'GameOver'
 118   1      	unsigned char Play_x = Start_x;	//Load starting positions
*** ERROR C141 IN LINE 118 OF .\MAZE.C: syntax error near 'unsigned'
*** ERROR C202 IN LINE 118 OF .\MAZE.C: 'Play_x': undefined identifier
 119   1      	unsigned char Play_y = Start_y;
*** ERROR C141 IN LINE 119 OF .\MAZE.C: syntax error near 'unsigned'
*** ERROR C202 IN LINE 119 OF .\MAZE.C: 'Play_y': undefined identifier
 120   1      	Redraw_Map(Play_x, Play_y, Map[][])
*** ERROR C202 IN LINE 120 OF .\MAZE.C: 'Play_x': undefined identifier
*** ERROR C141 IN LINE 120 OF .\MAZE.C: syntax error near ']'
 121   1      	unsigned char i = 0, k = 0;
 122   1      
 123   1      	while (GameOver == false) { //This loop plays the game until finished
*** ERROR C202 IN LINE 123 OF .\MAZE.C: 'GameOver': undefined identifier
 124   2      		while (P2.0 == 0 || P2.3 == 0 || P0.1 == 0 || P0.3 == 0 || P0.2 == 0 || P0.0 == 0) { //Check if any inpu
             -t
*** ERROR C141 IN LINE 124 OF .\MAZE.C: syntax error near '.0'
*** ERROR C141 IN LINE 124 OF .\MAZE.C: syntax error near '.3'
*** ERROR C141 IN LINE 124 OF .\MAZE.C: syntax error near '.1'
*** ERROR C141 IN LINE 124 OF .\MAZE.C: syntax error near '.3'
*** ERROR C141 IN LINE 124 OF .\MAZE.C: syntax error near '.2'
*** ERROR C141 IN LINE 124 OF .\MAZE.C: syntax error near '.0'
*** ERROR C141 IN LINE 124 OF .\MAZE.C: syntax error near ')'
 125   3      			//Nothing to do here
 126   3      		}
 127   2      
 128   2      		delay(10);
*** WARNING C206 IN LINE 128 OF .\MAZE.C: 'delay': missing function-prototype
 129   2      			//waiting for input
 130   2      		if (P2.0 == 0) //Exit Button
*** ERROR C141 IN LINE 130 OF .\MAZE.C: syntax error near '.0'
*** ERROR C141 IN LINE 130 OF .\MAZE.C: syntax error near ')'
 131   2      			GameOver = false;
*** ERROR C202 IN LINE 131 OF .\MAZE.C: 'GameOver': undefined identifier
 132   2      		else if (P1.4 == 0) // Help Button
*** ERROR C141 IN LINE 132 OF .\MAZE.C: syntax error near 'else'
C51 COMPILER V6.02  MAZE                                                                   05/10/2016 18:58:32 PAGE 4   

*** ERROR C141 IN LINE 132 OF .\MAZE.C: syntax error near '.4'
*** ERROR C141 IN LINE 132 OF .\MAZE.C: syntax error near ')'
 133   2      			;//Help(Play_x, Play_y, Map[][]);
 134   2      		else if (P0.1 == 0)
*** ERROR C141 IN LINE 134 OF .\MAZE.C: syntax error near 'else'
*** ERROR C141 IN LINE 134 OF .\MAZE.C: syntax error near '.1'
*** ERROR C141 IN LINE 134 OF .\MAZE.C: syntax error near ')'
 135   2      			Up(Play_x, Play_y, Map[][]);
*** ERROR C202 IN LINE 135 OF .\MAZE.C: 'Play_x': undefined identifier
*** ERROR C141 IN LINE 135 OF .\MAZE.C: syntax error near ']'
 136   2      		else if (P0.3 == 0)
*** ERROR C141 IN LINE 136 OF .\MAZE.C: syntax error near 'else'
*** ERROR C141 IN LINE 136 OF .\MAZE.C: syntax error near '.3'
*** ERROR C141 IN LINE 136 OF .\MAZE.C: syntax error near ')'
 137   2      			Down(Play_x, Play_y, Map[][]);
*** ERROR C202 IN LINE 137 OF .\MAZE.C: 'Play_x': undefined identifier
*** ERROR C141 IN LINE 137 OF .\MAZE.C: syntax error near ']'
 138   2      		else if (P0.2 == 0)
*** ERROR C141 IN LINE 138 OF .\MAZE.C: syntax error near 'else'
*** ERROR C141 IN LINE 138 OF .\MAZE.C: syntax error near '.2'
*** ERROR C141 IN LINE 138 OF .\MAZE.C: syntax error near ')'
 139   2      			Left(Play_x, Play_y, Map[][]);
*** ERROR C202 IN LINE 139 OF .\MAZE.C: 'Play_x': undefined identifier
*** ERROR C141 IN LINE 139 OF .\MAZE.C: syntax error near ']'
 140   2      		else if (P0.0 == 0)
*** ERROR C141 IN LINE 140 OF .\MAZE.C: syntax error near 'else'
*** ERROR C141 IN LINE 140 OF .\MAZE.C: syntax error near '.0'
*** ERROR C141 IN LINE 140 OF .\MAZE.C: syntax error near ')'
 141   2      			Right(Play_x, Play_y, Map[][]);
*** ERROR C202 IN LINE 141 OF .\MAZE.C: 'Play_x': undefined identifier
*** ERROR C141 IN LINE 141 OF .\MAZE.C: syntax error near ']'
 142   2      		else if (P2.3 == 0)
*** ERROR C141 IN LINE 142 OF .\MAZE.C: syntax error near 'else'
*** ERROR C141 IN LINE 142 OF .\MAZE.C: syntax error near '.3'
*** ERROR C141 IN LINE 142 OF .\MAZE.C: syntax error near ')'
 143   2      			cheatMap(Map[][], Play_x, Play_y)
*** ERROR C141 IN LINE 143 OF .\MAZE.C: syntax error near ']'
*** WARNING C209 IN LINE 143 OF .\MAZE.C: '_cheatMap': too few actual parameters
*** ERROR C202 IN LINE 143 OF .\MAZE.C: 'Play_x': undefined identifier
*** ERROR C141 IN LINE 143 OF .\MAZE.C: syntax error near ')'
 144   2      			//Check if Game Over
 145   2      		if (Map[Play_x][Play_y] == 'G')
 146   2      			GameOver = true;
*** ERROR C202 IN LINE 146 OF .\MAZE.C: 'GameOver': undefined identifier
 147   2      	}
 148   1      	return;
 149   1      }
 150          
 151          //Looping Code for playing the game
 152          void main(void)
 153          {
 154   1      	uart_init();
 155   1      	P2M1 = 0x00;
 156   1      	
 157   1      	while (1)
 158   1      	{
 159   2      		playMenu();
 160   2      
 161   2      
 162   2      	}
 163   1      
 164   1      	return;
C51 COMPILER V6.02  MAZE                                                                   05/10/2016 18:58:32 PAGE 5   

 165   1      }
 166          	

C51 COMPILATION COMPLETE.  4 WARNING(S),  71 ERROR(S)
